<html>
<body>
<pre>
<h1>µVision Build Log</h1>
<h2>Tool Versions:</h2>
IDE-Version: ¦ÌVision V5.23.0.0
Copyright (C) 2017 ARM Ltd and ARM Germany GmbH. All rights reserved.
License Information: 1 2, 3, LIC=V8574-FPT54-67WRS-LKHWK-8QH6K-L40B3
 
Tool Versions:
Toolchain:       MDK-ARM Professional  Version: 5.23
Toolchain Path:  C:\KEIL_\KEIL\ARM\ARMCC\Bin
C Compiler:      Armcc.exe V5.06 update 4 (build 422)
Assembler:       Armasm.exe V5.06 update 4 (build 422)
Linker/Locator:  ArmLink.exe V5.06 update 4 (build 422)
Library Manager: ArmAr.exe V5.06 update 4 (build 422)
Hex Converter:   FromElf.exe V5.06 update 4 (build 422)
CPU DLL:         SARMCM3.DLL V5.23
Dialog DLL:      DCM.DLL V1.15.0.0
Target DLL:      Segger\JL2CM3.dll V2.99.23.0
Dialog DLL:      TCM.DLL V1.27.0.0
 
<h2>Project:</h2>
C:\Users\17973\Desktop\Magic_cube match\STM32-PRO\USER\LCD.uvprojx
Project File Date:  05/01/2018

<h2>Output:</h2>
*** Using Compiler 'V5.06 update 4 (build 422)', folder: 'C:\KEIL_\KEIL\ARM\ARMCC\Bin'
Build target 'LCD'
compiling loctrans.c...
compiling stepper.c...
..\HARDWARE\stepper.c(36): warning:  #223-D: function "abs" declared implicitly
  		 i = abs(TIMEDELAY-tmp);
..\HARDWARE\stepper.c(38): warning:  #223-D: function "abs" declared implicitly
  		 i = abs(area-tmp);
..\HARDWARE\stepper.c: 2 warnings, 0 errors
compiling main.c...
linking...
Program Size: Code=7516 RO-data=424 RW-data=56 ZI-data=1944  
FromELF: creating hex file...
"..\OBJ\LCD.axf" - 0 Error(s), 2 Warning(s).

<h2>Collection of Component include folders:</h2>
  .\RTE\_LCD
  C:\KEIL_\KEIL\ARM\PACK\Keil\STM32F4xx_DFP\2.11.0\Drivers\CMSIS\Device\ST\STM32F4xx\Include

<h2>Collection of Component Files used:</h2>
Build Time Elapsed:  00:00:03
</pre>
</body>
</html>
